python : ......F.
所在位置 行:1 字符: 49
+ ... -fusion\ai; python -m unittest tests.test_competitor_baselines.TestCo ...
+                 ~~~~~~~~~~~~~~~~~~~~~~~~~~~~~~~~~~~~~~~~~~~~~~~~~~~~~~~~~
    + CategoryInfo          : NotSpecified: (......F.:String) [], RemoteExcept 
   ion
    + FullyQualifiedErrorId : NativeCommandError
 
======================================================================
FAIL: test_g_reward_claim_vs_round_robin (tests.test_competitor_baselines.TestC
ompetitorBaselinesGen2ObsOnly.test_g_reward_claim_vs_round_robin)
The Week 4 headline claim under test: ours beats round-robin on the
----------------------------------------------------------------------
Traceback (most recent call last):
  File "D:\IdeaProjects\untitled\cloudai-fusion\ai\tests\test_competitor_baseli
nes.py", line 1260, in test_g_reward_claim_vs_round_robin
    self.assertGreater(
AssertionError: -461.32590611933875 not greater than -460.02011497733474 : ours
 (-461.3) does NOT beat round-robin (-460.0) on reward

----------------------------------------------------------------------
Ran 8 tests in 746.737s

FAILED (failures=1)

============================================================================================================
COMPETITOR BASELINE BENCHMARK — central_pool GEN-2b (compressed state, GEN-1 reward)
============================================================================================================
cluster 10x8 GPU, rate=0.12, horizon=700 steps (7 days), seeds=[901001, 901002, 901003, 901004, 901005, 901006, 901007, 901008, 901009, 901010]
NOTE: the only learned policy here is NumPy tabular Q — torch/stable_baselines3 are NOT installed, so PPO/SAC are untrained.

[1/3] Training tabular Q (6000 episodes x 300 steps)...
      733s, states=1756, tail-1000 reward=-167.2 ± 30.9
      head-1000 reward=-173.5 ± 30.8 -> learning signal = +0.21 sigma

[2/3] Evaluating 6 policies x 10 seeds...
      q_learning_greedy      thrpt= 8.64/d  sla= 12.6%  cost=$  41351  catas=  0  reward=  -461.3
      k8s_default_binpack    thrpt= 8.50/d  sla= 12.5%  cost=$  43325  catas=  0  reward=  -480.5
      k8s_spread             thrpt= 8.81/d  sla= 12.4%  cost=$  41275  catas=  0  reward=  -517.2
      feasibility_oracle     thrpt= 8.63/d  sla= 10.9%  cost=$  37954  catas=  0  reward=  -541.6
      round_robin            thrpt= 8.56/d  sla= 13.3%  cost=$  43601  catas=  0  reward=  -460.0
      random                 thrpt= 8.74/d  sla=  8.0%  cost=$  41651  catas=  0  reward=  -469.2

[3/3] Significance testing + artifact...

------------------------------------------------------------------------------------------------------------
MATRIX — central_pool GEN-2b (compressed state, GEN-1 reward)
------------------------------------------------------------------------------------------------------------
policy                  thrpt/d   compl%    sla%  giniJCT  giniGPU     cost$  catas    reward
*q_learning_greedy         8.64     64.4    12.6    0.417    0.211     41351      0    -461.3
 k8s_default_binpack       8.50     62.9    12.5    0.438    0.215     43325      0    -480.5
 k8s_spread                8.81     64.6    12.4    0.428    0.281     41275      0    -517.2
 feasibility_oracle        8.63     64.4    10.9    0.439    0.300     37954      0    -541.6
 round_robin               8.56     63.5    13.3    0.433    0.247     43601      0    -460.0
 random                    8.74     65.4     8.0    0.437    0.246     41651      0    -469.2

  OURS vs each baseline (+ = we are better; p from Welch t-test, n=10):
    vs k8s_default_binpack:
      throughput               +1.7%  p=0.7748  d=+0.13  TIE
      completion_ratio         +2.4%  p=0.7094  d=+0.17  TIE
      total_reward             +4.0%  p=0.4912  d=+0.32  TIE
      sla_violation_rate       -1.0%  p=0.9785  d=+0.01  TIE
      gini_completion          +4.8%  p=0.2896  d=-0.49  TIE
      gini_gpu_hours           +1.7%  p=0.8731  d=-0.07  TIE
      total_cost_usd           +4.6%  p=0.5621  d=-0.26  TIE
      catastrophic_failures    +0.0%  p=1.0000  d=+0.00  TIE
    vs k8s_spread:
      throughput               -1.9%  p=0.7616  d=-0.14  TIE
      completion_ratio         -0.3%  p=0.9689  d=-0.02  TIE
      total_reward            +10.8%  p=0.0209  d=+1.13  WIN
      sla_violation_rate       -1.9%  p=0.9594  d=+0.02  TIE
      gini_completion          +2.7%  p=0.5805  d=-0.25  TIE
      gini_gpu_hours          +25.0%  p=0.0042  d=-1.48  WIN
      total_cost_usd           -0.2%  p=0.9818  d=+0.01  TIE
      catastrophic_failures    +0.0%  p=1.0000  d=+0.00  TIE
    vs feasibility_oracle:
      throughput               +0.2%  p=0.9714  d=+0.02  TIE
      completion_ratio         +0.1%  p=0.9884  d=+0.01  TIE
      total_reward            +14.8%  p=0.0021  d=+1.61  WIN
      sla_violation_rate      -15.4%  p=0.6962  d=+0.18  TIE
      gini_completion          +5.0%  p=0.3495  d=-0.43  TIE
      gini_gpu_hours          +29.7%  p=0.0018  d=-1.63  WIN
      total_cost_usd           -8.9%  p=0.3054  d=+0.47  TIE
      catastrophic_failures    +0.0%  p=1.0000  d=+0.00  TIE
    vs round_robin:
      throughput               +1.0%  p=0.8803  d=+0.07  TIE
      completion_ratio         +1.5%  p=0.8277  d=+0.10  TIE
      total_reward             -0.3%  p=0.9563  d=-0.02  TIE
      sla_violation_rate       +5.1%  p=0.8963  d=-0.06  TIE
      gini_completion          +3.9%  p=0.4207  d=-0.37  TIE
      gini_gpu_hours          +14.6%  p=0.1006  d=-0.78  TIE
      total_cost_usd           +5.2%  p=0.5188  d=-0.29  TIE
      catastrophic_failures    +0.0%  p=1.0000  d=+0.00  TIE
    vs random:
      throughput               -1.1%  p=0.8336  d=-0.10  TIE
      completion_ratio         -1.5%  p=0.8140  d=-0.11  TIE
      total_reward             +1.7%  p=0.6977  d=+0.18  TIE
      sla_violation_rate      -57.5%  p=0.3073  d=+0.47  TIE
      gini_completion          +4.7%  p=0.2927  d=-0.49  TIE
      gini_gpu_hours          +14.1%  p=0.1428  d=-0.69  TIE
      total_cost_usd           +0.7%  p=0.9342  d=-0.04  TIE
      catastrophic_failures    +0.0%  p=1.0000  d=+0.00  TIE

  ledger: 4 WIN / 0 LOSS / 36 TIE

  results -> D:\IdeaProjects\untitled\cloudai-fusion\tmp\competitor_baselines_central_pool_gen2_obs_only.json

GATE A PASS [central_pool GEN-2b (compressed state, GEN-1 reward)]: ours catastrophic=0 (forced structural: hp=0, all=0)
GATE B PASS [central_pool GEN-2b (compressed state, GEN-1 reward)]: catastrophic counts measured: {'q_learning_greedy': 0, 'k8s_default_binpack': 0, 'k8s_spread': 0, 'feasibility_oracle': 0, 'round_robin': 0, 'random': 0}
GATE C PASS [central_pool GEN-2b (compressed state, GEN-1 reward)]: all 6 policies leave env._rng untouched
GATE D [central_pool GEN-2b (compressed state, GEN-1 reward)]: realized arrivals per policy {'q_learning_greedy': 94.4, 'k8s_default_binpack': 94.9, 'k8s_spread': 96.0, 'feasibility_oracle': 94.4, 'round_robin': 94.7, 'random': 94.4} -> spread 1.7% (confound disclosed; completion_ratio controls for it)
GATE E PASS [central_pool GEN-2b (compressed state, GEN-1 reward)]: all metrics finite and in range
GATE F PASS [central_pool GEN-2b (compressed state, GEN-1 reward)]: 40 verdicts recorded — 4 WIN / 0 LOSS / 36 TIE
GATE G [central_pool GEN-2b (compressed state, GEN-1 reward)]: reward vs round_robin = -0.28% (ours -461.3 vs -460.0, p=0.9563, d=-0.02)

GEN-2 ACCEPTANCE (measured, not gated as a group):
      [PASS] states <= 5000                                   1756
      [FAIL] binpack gini_gpu_hours p<0.05 AND in our favour  p=0.8731 adv=+1.7% d=-0.07
      [FAIL] learning signal >= +0.5 sigma                    +0.21 sigma
      [PASS] catastrophic failures == 0                       0
