ok  	github.com/cloudai-fusion/cloudai-fusion/pkg/edge	0.189s
ok  	github.com/cloudai-fusion/cloudai-fusion/pkg/wasm	0.643s
ok  	github.com/cloudai-fusion/cloudai-fusion/pkg/cloud	0.742s
ok  	github.com/cloudai-fusion/cloudai-fusion/pkg/cloud/auth	0.052s
ok  	github.com/cloudai-fusion/cloudai-fusion/pkg/cloud/providers	0.066s
ok  	github.com/cloudai-fusion/cloudai-fusion/pkg/hunt	0.210s
ok  	github.com/cloudai-fusion/cloudai-fusion/pkg/detect	0.254s
ok  	github.com/cloudai-fusion/cloudai-fusion/pkg/anomaly	0.195s
ok  	github.com/cloudai-fusion/cloudai-fusion/pkg/soc	0.315s
ok  	github.com/cloudai-fusion/cloudai-fusion/pkg/security	0.486s
ok  	github.com/cloudai-fusion/cloudai-fusion/pkg/evidence	1.387s
ok  	github.com/cloudai-fusion/cloudai-fusion/pkg/evidence/zk	5.159s
ok  	github.com/cloudai-fusion/cloudai-fusion/pkg/scheduler	25.410s
ok  	github.com/cloudai-fusion/cloudai-fusion/pkg/redteam	0.383s
?   	github.com/cloudai-fusion/cloudai-fusion/pkg/redteam/ad	[no test files]
ok  	github.com/cloudai-fusion/cloudai-fusion/pkg/redteam/ad_kerberos	0.044s
ok  	github.com/cloudai-fusion/cloudai-fusion/pkg/redteam/ad_kerberos/native/asn1	0.052s
?   	github.com/cloudai-fusion/cloudai-fusion/pkg/redteam/ad_kerberos/native/crypto	[no test files]
?   	github.com/cloudai-fusion/cloudai-fusion/pkg/redteam/api	[no test files]
ok  	github.com/cloudai-fusion/cloudai-fusion/pkg/redteam/attack_graph	1.308s
?   	github.com/cloudai-fusion/cloudai-fusion/pkg/redteam/autoremediation	[no test files]
?   	github.com/cloudai-fusion/cloudai-fusion/pkg/redteam/cache	[no test files]
?   	github.com/cloudai-fusion/cloudai-fusion/pkg/redteam/dashboard	[no test files]
ok  	github.com/cloudai-fusion/cloudai-fusion/pkg/redteam/edr_bypass	0.082s
?   	github.com/cloudai-fusion/cloudai-fusion/pkg/redteam/edr_telemetry	[no test files]
?   	github.com/cloudai-fusion/cloudai-fusion/pkg/redteam/edrbypass	[no test files]
?   	github.com/cloudai-fusion/cloudai-fusion/pkg/redteam/exploit_engine	[no test files]
?   	github.com/cloudai-fusion/cloudai-fusion/pkg/redteam/exploit_engine/cve_2023_28868	[no test files]
?   	github.com/cloudai-fusion/cloudai-fusion/pkg/redteam/exploit_engine/cve_2023_36899	[no test files]
?   	github.com/cloudai-fusion/cloudai-fusion/pkg/redteam/exploit_engine/cve_2023_48725	[no test files]
?   	github.com/cloudai-fusion/cloudai-fusion/pkg/redteam/exploit_engine/cve_2024_21410	[no test files]
?   	github.com/cloudai-fusion/cloudai-fusion/pkg/redteam/exploit_engine/cve_2024_21412	[no test files]
?   	github.com/cloudai-fusion/cloudai-fusion/pkg/redteam/exploit_engine/cve_2024_21526	[no test files]
?   	github.com/cloudai-fusion/cloudai-fusion/pkg/redteam/exploit_engine/cve_2024_21626	[no test files]
?   	github.com/cloudai-fusion/cloudai-fusion/pkg/redteam/exploit_engine/cve_2024_28390	[no test files]
?   	github.com/cloudai-fusion/cloudai-fusion/pkg/redteam/exploit_engine/cve_2024_30076	[no test files]
?   	github.com/cloudai-fusion/cloudai-fusion/pkg/redteam/exploit_engine/cve_2024_3091	[no test files]
?   	github.com/cloudai-fusion/cloudai-fusion/pkg/redteam/exploit_engine/cve_2024_38075	[no test files]
?   	github.com/cloudai-fusion/cloudai-fusion/pkg/redteam/exploit_engine/cve_2024_38694	[no test files]
?   	github.com/cloudai-fusion/cloudai-fusion/pkg/redteam/exploit_engine/cve_2024_38694_v2	[no test files]
?   	github.com/cloudai-fusion/cloudai-fusion/pkg/redteam/exploits	[no test files]
?   	github.com/cloudai-fusion/cloudai-fusion/pkg/redteam/integration	[no test files]
?   	github.com/cloudai-fusion/cloudai-fusion/pkg/redteam/intelligence	[no test files]
?   	github.com/cloudai-fusion/cloudai-fusion/pkg/redteam/metasploit	[no test files]
?   	github.com/cloudai-fusion/cloudai-fusion/pkg/redteam/metasploit_api	[no test files]
?   	github.com/cloudai-fusion/cloudai-fusion/pkg/redteam/mitre_optimization	[no test files]
